     1                                  section .data
     2                                  
     3 00000000 4B414E4741524F4F            Snippet db "KANGAROO"
     4                                  
     5                                  section .text
     6                                  
     7                                      global _start
     8                                  
     9                                  
    10                                  _start:
    11 00000000 90                          nop
    12                                  
    13 00000001 BB[00000000]                mov ebx, Snippet
    14                                      ; Loop counter
    15 00000006 B808000000                  mov eax, 8
    16                                  
    17                                  DoMore:
    18                                  
    19                                      ; ``byte`` is a type hint.
    20                                      ; Convert the character to lowercase by adding 32.
    21 0000000B 67800320                    add byte [ebx], 20h
    22                                      ; Move to next byte
    23 0000000F FFC3                        inc ebx
    24                                      ; Decrease loop counter
    25 00000011 FFC8                        dec eax
    26                                      ; Loop condition
    27 00000013 75F6                        jnz DoMore
    28                                  
    29                                  
    30                                      ; Init ``sys_write`` sys-call.
    31 00000015 B804000000                  mov eax, 4
    32                                      ; Ues ``stdout``.
    33 0000001A BB01000000                  mov ebx, 1
    34 0000001F B9[00000000]                mov ecx, Snippet
    35 00000024 BA08000000                  mov edx, 8
    36                                      ; Interupt to print
    37 00000029 CD80                        int 80h
    38                                  
    39                                      ; Init ``exit`` sys-call.
    40 0000002B B801000000                  mov eax, 1
    41                                      ; Exit 0.
    42 00000030 BBFF000000                  mov ebx, 255
    43 00000035 CD80                        int 80H
    44                                  
    45 00000037 90                          nop
    46                                  
    47                                  section .bss
