     1                                  ; Store named data
     2                                  ; Init when program starts running
     3                                  section .data
     4                                  
     5 00000000 48656C6C6F2C20776F-     Msg: db "Hello, world!"
     6 00000009 726C6421           
     7                                  
     8                                  ; Store on the compiled program?
     9                                  section .text
    10                                  
    11                                      global _start
    12                                  
    13                                  _start:
    14 00000000 90                          nop
    15                                      ; Real program goes after here... 
    16                                  
    17                                      ; op dest, src
    18                                      ; Use `(i)nfo (r)egister [register]` to inspect regs.
    19 00000001 B842000000                  mov eax, 42h
    20                                      ; It's big endian
    21 00000006 8B1425[00000000]            mov edx, [Msg]
    22 0000000D B9[00000000]                mov ecx, Msg
    23                                  
    24 00000012 90                          nop
    25                                  
    26                                  ; Store uninitiated data.
    27                                  ; Stays after .text
    28                                  section .bss
